// Jest Snapshot v1, https://goo.gl/fbAQLP

exports[`should render component correctly 1`] = `
<div>
  <AuthorDetails
    details=""
    imgUrl="https://images.pexels.com/photos/38275/anonymous-studio-figure-photography-facial-mask-38275.jpeg?w=940&h=650&auto=compress&cs=tinysrgb"
    name="Anonymous"
  />
  <form>
    <input
      name="title"
      onChange={[Function]}
      placeholder="Title"
      style={
        Object {
          "border": "none",
          "display": "block",
          "fontSize": "30px",
          "fontWeight": "bold",
          "height": "50px",
          "margin": "15px auto",
          "padding": "0 10px",
          "width": "60%",
        }
      }
      type="text"
      value=""
    />
    <br />
    <textarea
      name="body"
      onChange={[Function]}
      placeholder="Tell us your story ..."
      style={
        Object {
          "border": "none",
          "display": "block",
          "fontSize": "30px",
          "height": "50px",
          "margin": "0 auto 30px auto",
          "padding": "0 10px",
          "width": "60%",
        }
      }
      value=""
    />
  </form>
</div>
`;
